.NET SDK:
 Version:           8.0.425
 Commit:            4a98f641c7
 Workload version:  8.0.400-manifests.ac071bc2
 MSBuild version:   17.11.48+02bf66295

Runtime Environment:
 OS Name:     Windows
 OS Version:  10.0.26200
 OS Platform: Windows
 RID:         win-x64
 Base Path:   C:\Program Files\dotnet\sdk\8.0.425\

.NET workloads installed:
Configured to use loose manifests when installing new manifests.
There are no installed workloads to display.

Host:
  Version:      10.0.11
  Architecture: x64
  Commit:       e2f47b0110

.NET SDKs installed:
  8.0.425 [C:\Program Files\dotnet\sdk]

.NET runtimes installed:
  Microsoft.AspNetCore.App 8.0.31 [C:\Program Files\dotnet\shared\Microsoft.AspNetCore.App]
  Microsoft.NETCore.App 8.0.31 [C:\Program Files\dotnet\shared\Microsoft.NETCore.App]
  Microsoft.NETCore.App 10.0.11 [C:\Program Files\dotnet\shared\Microsoft.NETCore.App]
  Microsoft.WindowsDesktop.App 8.0.31 [C:\Program Files\dotnet\shared\Microsoft.WindowsDesktop.App]

Other architectures found:
  None

Environment variables:
  Not set

global.json file:
  Not found

Learn more:
  https://aka.ms/dotnet/info

Download .NET:
  https://aka.ms/dotnet/download
