Analyzing...
THREADS: 20
D:\My files\Keyboard Layouts\projects\azerty-global\components\microsoft-store\docs\audit-2026-09-22-v1.3.0\evidence\ci-exes\AZERTYGlobal-arm64.exe: notapplicable BA2016: 'AZERTYGlobal-arm64.exe' was not evaluated for check 'MarkImageAsNXCompatible' as the analysis is not relevant based on observed metadata: image is a 64-bit binary.
D:\My files\Keyboard Layouts\projects\azerty-global\components\microsoft-store\docs\audit-2026-09-22-v1.3.0\evidence\ci-exes\AZERTYGlobal-arm64.exe: notapplicable BA2018: 'AZERTYGlobal-arm64.exe' was not evaluated for check 'EnableSafeSEH' as the analysis is not relevant based on observed metadata: image is not a 32-bit binary.
D:\My files\Keyboard Layouts\projects\azerty-global\components\microsoft-store\docs\audit-2026-09-22-v1.3.0\evidence\ci-exes\AZERTYGlobal-arm64.exe: notapplicable BA2025: 'AZERTYGlobal-arm64.exe' was not evaluated for check 'EnableShadowStack' as the analysis is not relevant based on observed metadata: image is an ARM64 binary.
D:\My files\Keyboard Layouts\projects\azerty-global\components\microsoft-store\docs\audit-2026-09-22-v1.3.0\evidence\ci-exes\AZERTYGlobal-arm64.exe: notapplicable BA3001: 'AZERTYGlobal-arm64.exe' was not evaluated for check 'EnablePositionIndependentExecutable' as the analysis is not relevant based on observed metadata: image is not an ELF binary.
D:\My files\Keyboard Layouts\projects\azerty-global\components\microsoft-store\docs\audit-2026-09-22-v1.3.0\evidence\ci-exes\AZERTYGlobal-arm64.exe: notapplicable BA3002: 'AZERTYGlobal-arm64.exe' was not evaluated for check 'DoNotMarkStackAsExecutable' as the analysis is not relevant based on observed metadata: image is not an ELF binary.
D:\My files\Keyboard Layouts\projects\azerty-global\components\microsoft-store\docs\audit-2026-09-22-v1.3.0\evidence\ci-exes\AZERTYGlobal-arm64.exe: notapplicable BA3003: 'AZERTYGlobal-arm64.exe' was not evaluated for check 'EnableStackProtector' as the analysis is not relevant based on observed metadata: image is not an ELF binary.
D:\My files\Keyboard Layouts\projects\azerty-global\components\microsoft-store\docs\audit-2026-09-22-v1.3.0\evidence\ci-exes\AZERTYGlobal-arm64.exe: notapplicable BA3004: 'AZERTYGlobal-arm64.exe' was not evaluated for check 'GenerateRequiredSymbolFormat' as the analysis is not relevant based on observed metadata: image is not an ELF binary.
D:\My files\Keyboard Layouts\projects\azerty-global\components\microsoft-store\docs\audit-2026-09-22-v1.3.0\evidence\ci-exes\AZERTYGlobal-arm64.exe: notapplicable BA3005: 'AZERTYGlobal-arm64.exe' was not evaluated for check 'EnableStackClashProtection' as the analysis is not relevant based on observed metadata: image is not an ELF binary.
D:\My files\Keyboard Layouts\projects\azerty-global\components\microsoft-store\docs\audit-2026-09-22-v1.3.0\evidence\ci-exes\AZERTYGlobal-arm64.exe: notapplicable BA3006: 'AZERTYGlobal-arm64.exe' was not evaluated for check 'EnableNonExecutableStack' as the analysis is not relevant based on observed metadata: image is not an ELF binary.
D:\My files\Keyboard Layouts\projects\azerty-global\components\microsoft-store\docs\audit-2026-09-22-v1.3.0\evidence\ci-exes\AZERTYGlobal-arm64.exe: notapplicable BA3010: 'AZERTYGlobal-arm64.exe' was not evaluated for check 'EnableReadOnlyRelocations' as the analysis is not relevant based on observed metadata: image is not an ELF binary.
D:\My files\Keyboard Layouts\projects\azerty-global\components\microsoft-store\docs\audit-2026-09-22-v1.3.0\evidence\ci-exes\AZERTYGlobal-arm64.exe: notapplicable BA3011: 'AZERTYGlobal-arm64.exe' was not evaluated for check 'EnableBindNow' as the analysis is not relevant based on observed metadata: image is not an ELF binary.
D:\My files\Keyboard Layouts\projects\azerty-global\components\microsoft-store\docs\audit-2026-09-22-v1.3.0\evidence\ci-exes\AZERTYGlobal-arm64.exe: notapplicable BA3030: 'AZERTYGlobal-arm64.exe' was not evaluated for check 'UseGccCheckedFunctions' as the analysis is not relevant based on observed metadata: image is not an ELF binary.
D:\My files\Keyboard Layouts\projects\azerty-global\components\microsoft-store\docs\audit-2026-09-22-v1.3.0\evidence\ci-exes\AZERTYGlobal-arm64.exe: notapplicable BA3031: 'AZERTYGlobal-arm64.exe' was not evaluated for check 'EnableClangSafeStack' as the analysis is not relevant based on observed metadata: image is not an ELF binary.
D:\My files\Keyboard Layouts\projects\azerty-global\components\microsoft-store\docs\audit-2026-09-22-v1.3.0\evidence\ci-exes\AZERTYGlobal-arm64.exe: notapplicable BA4002: 
D:\My files\Keyboard Layouts\projects\azerty-global\components\microsoft-store\docs\audit-2026-09-22-v1.3.0\evidence\ci-exes\AZERTYGlobal-arm64.exe: notapplicable BA5001: 'AZERTYGlobal-arm64.exe' was not evaluated for check 'EnablePositionIndependentExecutableMachO' as the analysis is not relevant based on observed metadata: image is not a MachO binary.
D:\My files\Keyboard Layouts\projects\azerty-global\components\microsoft-store\docs\audit-2026-09-22-v1.3.0\evidence\ci-exes\AZERTYGlobal-arm64.exe: notapplicable BA5002: 'AZERTYGlobal-arm64.exe' was not evaluated for check 'DoNotAllowExecutableStack' as the analysis is not relevant based on observed metadata: image is not a MachO binary.
D:\My files\Keyboard Layouts\projects\azerty-global\components\microsoft-store\docs\audit-2026-09-22-v1.3.0\evidence\ci-exes\AZERTYGlobal-arm64.exe: notapplicable BA6001: 'AZERTYGlobal-arm64.exe' was not evaluated for check 'DisableIncrementalLinkingInReleaseBuilds' as the analysis is not relevant based on observed metadata: an exception occurred attempting to load its pdb.
D:\My files\Keyboard Layouts\projects\azerty-global\components\microsoft-store\docs\audit-2026-09-22-v1.3.0\evidence\ci-exes\AZERTYGlobal-arm64.exe: notapplicable BA6002: 'AZERTYGlobal-arm64.exe' was not evaluated for check 'EliminateDuplicateStrings' as the analysis is not relevant based on observed metadata: an exception occurred attempting to load its pdb.
D:\My files\Keyboard Layouts\projects\azerty-global\components\microsoft-store\docs\audit-2026-09-22-v1.3.0\evidence\ci-exes\AZERTYGlobal-arm64.exe: notapplicable BA6004: 'AZERTYGlobal-arm64.exe' was not evaluated for check 'EnableComdatFolding' as the analysis is not relevant based on observed metadata: an exception occurred attempting to load its pdb.
D:\My files\Keyboard Layouts\projects\azerty-global\components\microsoft-store\docs\audit-2026-09-22-v1.3.0\evidence\ci-exes\AZERTYGlobal-arm64.exe: notapplicable BA6005: 'AZERTYGlobal-arm64.exe' was not evaluated for check 'EnableOptimizeReferences' as the analysis is not relevant based on observed metadata: an exception occurred attempting to load its pdb.
D:\My files\Keyboard Layouts\projects\azerty-global\components\microsoft-store\docs\audit-2026-09-22-v1.3.0\evidence\ci-exes\AZERTYGlobal-arm64.exe: notapplicable BA6006: 'AZERTYGlobal-arm64.exe' was not evaluated for check 'EnableLinkTimeCodeGeneration' as the analysis is not relevant based on observed metadata: an exception occurred attempting to load its pdb.
D:\My files\Keyboard Layouts\projects\azerty-global\components\microsoft-store\docs\audit-2026-09-22-v1.3.0\evidence\ci-exes\AZERTYGlobal-arm64.exe: pass BA2001: 'AZERTYGlobal-arm64.exe' is a 64-bit image with a base address that is >= 4 gigabytes, increasing the effectiveness of Address Space Layout Randomization (which helps prevent attackers from executing security-sensitive code in well-known locations).
D:\My files\Keyboard Layouts\projects\azerty-global\components\microsoft-store\docs\audit-2026-09-22-v1.3.0\evidence\ci-exes\AZERTYGlobal-arm64.exe: pass BA2005: 'AZERTYGlobal-arm64.exe' is not known to be an obsolete binary that is vulnerable to one or more security problems.
D:\My files\Keyboard Layouts\projects\azerty-global\components\microsoft-store\docs\audit-2026-09-22-v1.3.0\evidence\ci-exes\AZERTYGlobal-arm64.exe: pass BA2008: 'AZERTYGlobal-arm64.exe' enables the control flow guard mitigation. As a result, the operating system will force an application to close if an attacker is able to redirect execution in the component to an unexpected location.
D:\My files\Keyboard Layouts\projects\azerty-global\components\microsoft-store\docs\audit-2026-09-22-v1.3.0\evidence\ci-exes\AZERTYGlobal-arm64.exe: pass BA2009: 'AZERTYGlobal-arm64.exe' is properly compiled to enable Address Space Layout Randomization, reducing an attacker's ability to exploit code in well-known locations.
D:\My files\Keyboard Layouts\projects\azerty-global\components\microsoft-store\docs\audit-2026-09-22-v1.3.0\evidence\ci-exes\AZERTYGlobal-arm64.exe: pass BA2010: 'AZERTYGlobal-arm64.exe' does not have an imports section that is marked as executable, helping to prevent the exploitation of code vulnerabilities.
D:\My files\Keyboard Layouts\projects\azerty-global\components\microsoft-store\docs\audit-2026-09-22-v1.3.0\evidence\ci-exes\AZERTYGlobal-arm64.exe: pass BA2012: 'AZERTYGlobal-arm64.exe' is a C or C++ binary built with the buffer security feature that properly preserves the stack protecter cookie. This has the effect of enabling a significant increase in entropy provided by the operating system over that produced by the C runtime start-up code.
D:\My files\Keyboard Layouts\projects\azerty-global\components\microsoft-store\docs\audit-2026-09-22-v1.3.0\evidence\ci-exes\AZERTYGlobal-arm64.exe: pass BA2015: 'AZERTYGlobal-arm64.exe' is high entropy ASLR compatible, reducing an attacker's ability to exploit code in well-known locations.
D:\My files\Keyboard Layouts\projects\azerty-global\components\microsoft-store\docs\audit-2026-09-22-v1.3.0\evidence\ci-exes\AZERTYGlobal-arm64.exe: pass BA2019: 'AZERTYGlobal-arm64.exe' contains no data or code sections marked as both shared and writable, helping to prevent the exploitation of code vulnerabilities.
D:\My files\Keyboard Layouts\projects\azerty-global\components\microsoft-store\docs\audit-2026-09-22-v1.3.0\evidence\ci-exes\AZERTYGlobal-arm64.exe: pass BA2021: 'AZERTYGlobal-arm64.exe' contains no data or code sections marked as both shared and executable, helping to prevent the exploitation of code vulnerabilities.
D:\My files\Keyboard Layouts\projects\azerty-global\components\microsoft-store\docs\audit-2026-09-22-v1.3.0\evidence\ci-exes\AZERTYGlobal-arm64.exe: notapplicable BA2022: 'AZERTYGlobal-arm64.exe' was not evaluated for check 'SignSecurely' as the analysis is not relevant based on observed metadata: image is not signed .
D:\My files\Keyboard Layouts\projects\azerty-global\components\microsoft-store\docs\audit-2026-09-22-v1.3.0\evidence\ci-exes\AZERTYGlobal-arm64.exe : error ERR997.ExceptionLoadingPdb : 'AZERTYGlobal-arm64.exe' was not evaluated because its PDB could not be loaded (E_PDB_NOT_FOUND).

Done. 1 files scanned.

One or more rules was disabled for an analysis target, as it was determined not to be applicable to it (this is a common condition). Include 'NotApplicable' on an explicit '--kind' command-line argument (e.g., '--kind "Fail;NotApplicable"') for more information.

Analysis did not complete due to one or more unrecoverable execution conditions.
Unexpected fatal runtime condition(s) observed: ExceptionLoadingPdb

