<?xml version="1.0" encoding="utf-8"?>
<TestRun id="c2fde11f-9a37-47bb-b7a1-260778f3f753" name="antoi@AZERTY_GLOBAL 2026-09-22 13:26:36" runUser="AZERTY_GLOBAL\CodexSandboxOffline" xmlns="http://microsoft.com/schemas/VisualStudio/TeamTest/2010">
  <Times creation="2026-09-22T13:26:36.2408102+02:00" queuing="2026-09-22T13:26:36.2408103+02:00" start="2026-09-22T13:26:35.1677633+02:00" finish="2026-09-22T13:26:36.2448156+02:00" />
  <TestSettings name="default" id="1ed6f4e3-ec48-447e-a330-f022f180790e">
    <Deployment runDeploymentRoot="antoi_AZERTY_GLOBAL_2026-09-22_13_26_36" />
  </TestSettings>
  <Results>
    <UnitTestResult executionId="5ce65f8d-9276-4535-9a41-3e72b46cde67" testId="4937d395-aa46-dfe3-668b-3aafd2d1c685" testName="TypingEngine.Windows.Tests.ForegroundAbaRaceWitnessTests.Witness_traverse_exactly_A_then_B_then_A_during_recompute" computerName="AZERTY_GLOBAL" duration="00:00:00.0000794" startTime="2026-09-22T13:26:36.1865834+02:00" endTime="2026-09-22T13:26:36.1865834+02:00" testType="13cdc9d9-ddb5-4fa4-a97d-d965ccfc6d4b" outcome="Passed" testListId="8c84fa94-04c1-424b-9868-57a2d4851a1d" relativeResultsDirectory="5ce65f8d-9276-4535-9a41-3e72b46cde67" />
    <UnitTestResult executionId="1072eab6-aaa2-46c5-98d8-007267ae4627" testId="3aafca23-f88d-672b-73bd-37d8f53a2355" testName="TypingEngine.Windows.Tests.ForegroundAbaRaceWitnessTests.Security_property_anti_cheat_A_must_remain_suspended_after_ABA" computerName="AZERTY_GLOBAL" duration="00:00:00.0021555" startTime="2026-09-22T13:26:36.1863558+02:00" endTime="2026-09-22T13:26:36.1863559+02:00" testType="13cdc9d9-ddb5-4fa4-a97d-d965ccfc6d4b" outcome="Failed" testListId="8c84fa94-04c1-424b-9868-57a2d4851a1d" relativeResultsDirectory="1072eab6-aaa2-46c5-98d8-007267ae4627">
      <Output>
        <ErrorInfo>
          <Message>Assert.Equal() Failure: Values differ&#xD;
Expected: DisabledAntiCheat&#xD;
Actual:   Default</Message>
          <StackTrace>   at TypingEngine.Windows.Tests.ForegroundAbaRaceWitnessTests.Security_property_anti_cheat_A_must_remain_suspended_after_ABA() in D:\My files\Keyboard Layouts\projects\azerty-global\components\microsoft-store\docs\audit-2026-09-22-v1.3.0\race-witness\ForegroundAbaRaceWitnessTests.cs:line 78&#xD;
   at System.RuntimeMethodHandle.InvokeMethod(Object target, Void** arguments, Signature sig, Boolean isConstructor)&#xD;
   at System.Reflection.MethodBaseInvoker.InvokeWithNoArgs(Object obj, BindingFlags invokeAttr)</StackTrace>
        </ErrorInfo>
      </Output>
    </UnitTestResult>
    <UnitTestResult executionId="69d38bb3-8d70-4ed0-a109-5ddd6e8c7594" testId="56eea24e-0294-d1d5-f0e3-df3854ce1efa" testName="TypingEngine.Windows.Tests.ForegroundAbaRaceWitnessTests.Negative_control_stable_normal_B_remains_default" computerName="AZERTY_GLOBAL" duration="00:00:00.0001479" startTime="2026-09-22T13:26:36.1864589+02:00" endTime="2026-09-22T13:26:36.1864589+02:00" testType="13cdc9d9-ddb5-4fa4-a97d-d965ccfc6d4b" outcome="Passed" testListId="8c84fa94-04c1-424b-9868-57a2d4851a1d" relativeResultsDirectory="69d38bb3-8d70-4ed0-a109-5ddd6e8c7594" />
    <UnitTestResult executionId="c3a918ce-8844-4e0b-85b9-ab2991d3d868" testId="e9fa2f5c-6c5c-0cfa-72c8-b94bbd9cb3ab" testName="TypingEngine.Windows.Tests.ForegroundAbaRaceWitnessTests.Positive_control_stable_anti_cheat_A_is_suspended" computerName="AZERTY_GLOBAL" duration="00:00:00.0107937" startTime="2026-09-22T13:26:36.1777156+02:00" endTime="2026-09-22T13:26:36.1777244+02:00" testType="13cdc9d9-ddb5-4fa4-a97d-d965ccfc6d4b" outcome="Passed" testListId="8c84fa94-04c1-424b-9868-57a2d4851a1d" relativeResultsDirectory="c3a918ce-8844-4e0b-85b9-ab2991d3d868" />
  </Results>
  <TestDefinitions>
    <UnitTest name="TypingEngine.Windows.Tests.ForegroundAbaRaceWitnessTests.Negative_control_stable_normal_B_remains_default" storage="d:\my files\keyboard layouts\projects\azerty-global\components\microsoft-store\src\typingengine.windows.tests\bin\release\net8.0-windows10.0.17763.0\typingengine.windows.tests.dll" id="56eea24e-0294-d1d5-f0e3-df3854ce1efa">
      <Execution id="69d38bb3-8d70-4ed0-a109-5ddd6e8c7594" />
      <TestMethod codeBase="D:\My files\Keyboard Layouts\projects\azerty-global\components\microsoft-store\src\TypingEngine.Windows.Tests\bin\Release\net8.0-windows10.0.17763.0\TypingEngine.Windows.Tests.dll" adapterTypeName="executor://xunit/VsTestRunner2/netcoreapp" className="TypingEngine.Windows.Tests.ForegroundAbaRaceWitnessTests" name="Negative_control_stable_normal_B_remains_default" />
    </UnitTest>
    <UnitTest name="TypingEngine.Windows.Tests.ForegroundAbaRaceWitnessTests.Witness_traverse_exactly_A_then_B_then_A_during_recompute" storage="d:\my files\keyboard layouts\projects\azerty-global\components\microsoft-store\src\typingengine.windows.tests\bin\release\net8.0-windows10.0.17763.0\typingengine.windows.tests.dll" id="4937d395-aa46-dfe3-668b-3aafd2d1c685">
      <Execution id="5ce65f8d-9276-4535-9a41-3e72b46cde67" />
      <TestMethod codeBase="D:\My files\Keyboard Layouts\projects\azerty-global\components\microsoft-store\src\TypingEngine.Windows.Tests\bin\Release\net8.0-windows10.0.17763.0\TypingEngine.Windows.Tests.dll" adapterTypeName="executor://xunit/VsTestRunner2/netcoreapp" className="TypingEngine.Windows.Tests.ForegroundAbaRaceWitnessTests" name="Witness_traverse_exactly_A_then_B_then_A_during_recompute" />
    </UnitTest>
    <UnitTest name="TypingEngine.Windows.Tests.ForegroundAbaRaceWitnessTests.Positive_control_stable_anti_cheat_A_is_suspended" storage="d:\my files\keyboard layouts\projects\azerty-global\components\microsoft-store\src\typingengine.windows.tests\bin\release\net8.0-windows10.0.17763.0\typingengine.windows.tests.dll" id="e9fa2f5c-6c5c-0cfa-72c8-b94bbd9cb3ab">
      <Execution id="c3a918ce-8844-4e0b-85b9-ab2991d3d868" />
      <TestMethod codeBase="D:\My files\Keyboard Layouts\projects\azerty-global\components\microsoft-store\src\TypingEngine.Windows.Tests\bin\Release\net8.0-windows10.0.17763.0\TypingEngine.Windows.Tests.dll" adapterTypeName="executor://xunit/VsTestRunner2/netcoreapp" className="TypingEngine.Windows.Tests.ForegroundAbaRaceWitnessTests" name="Positive_control_stable_anti_cheat_A_is_suspended" />
    </UnitTest>
    <UnitTest name="TypingEngine.Windows.Tests.ForegroundAbaRaceWitnessTests.Security_property_anti_cheat_A_must_remain_suspended_after_ABA" storage="d:\my files\keyboard layouts\projects\azerty-global\components\microsoft-store\src\typingengine.windows.tests\bin\release\net8.0-windows10.0.17763.0\typingengine.windows.tests.dll" id="3aafca23-f88d-672b-73bd-37d8f53a2355">
      <Execution id="1072eab6-aaa2-46c5-98d8-007267ae4627" />
      <TestMethod codeBase="D:\My files\Keyboard Layouts\projects\azerty-global\components\microsoft-store\src\TypingEngine.Windows.Tests\bin\Release\net8.0-windows10.0.17763.0\TypingEngine.Windows.Tests.dll" adapterTypeName="executor://xunit/VsTestRunner2/netcoreapp" className="TypingEngine.Windows.Tests.ForegroundAbaRaceWitnessTests" name="Security_property_anti_cheat_A_must_remain_suspended_after_ABA" />
    </UnitTest>
  </TestDefinitions>
  <TestEntries>
    <TestEntry testId="4937d395-aa46-dfe3-668b-3aafd2d1c685" executionId="5ce65f8d-9276-4535-9a41-3e72b46cde67" testListId="8c84fa94-04c1-424b-9868-57a2d4851a1d" />
    <TestEntry testId="3aafca23-f88d-672b-73bd-37d8f53a2355" executionId="1072eab6-aaa2-46c5-98d8-007267ae4627" testListId="8c84fa94-04c1-424b-9868-57a2d4851a1d" />
    <TestEntry testId="56eea24e-0294-d1d5-f0e3-df3854ce1efa" executionId="69d38bb3-8d70-4ed0-a109-5ddd6e8c7594" testListId="8c84fa94-04c1-424b-9868-57a2d4851a1d" />
    <TestEntry testId="e9fa2f5c-6c5c-0cfa-72c8-b94bbd9cb3ab" executionId="c3a918ce-8844-4e0b-85b9-ab2991d3d868" testListId="8c84fa94-04c1-424b-9868-57a2d4851a1d" />
  </TestEntries>
  <TestLists>
    <TestList name="Results Not in a List" id="8c84fa94-04c1-424b-9868-57a2d4851a1d" />
    <TestList name="All Loaded Results" id="19431567-8539-422a-85d7-44ee4e166bda" />
  </TestLists>
  <ResultSummary outcome="Failed">
    <Counters total="4" executed="4" passed="3" failed="1" error="0" timeout="0" aborted="0" inconclusive="0" passedButRunAborted="0" notRunnable="0" notExecuted="0" disconnected="0" warning="0" completed="0" inProgress="0" pending="0" />
    <Output>
      <StdOut>[xUnit.net 00:00:00.00] xUnit.net VSTest Adapter v2.5.0.1+5ebf84cd75 (64-bit .NET 8.0.31)&#xD;
[xUnit.net 00:00:00.71]   Discovering: TypingEngine.Windows.Tests&#xD;
[xUnit.net 00:00:00.75]   Discovered:  TypingEngine.Windows.Tests&#xD;
[xUnit.net 00:00:00.75]   Starting:    TypingEngine.Windows.Tests&#xD;
[xUnit.net 00:00:00.79]       Assert.Equal() Failure: Values differ&#xD;
[xUnit.net 00:00:00.79]       Expected: DisabledAntiCheat&#xD;
[xUnit.net 00:00:00.79]       Actual:   Default&#xD;
[xUnit.net 00:00:00.79]       Stack Trace:&#xD;
[xUnit.net 00:00:00.79]         D:\My files\Keyboard Layouts\projects\azerty-global\components\microsoft-store\docs\audit-2026-09-22-v1.3.0\race-witness\ForegroundAbaRaceWitnessTests.cs(78,0): at TypingEngine.Windows.Tests.ForegroundAbaRaceWitnessTests.Security_property_anti_cheat_A_must_remain_suspended_after_ABA()&#xD;
[xUnit.net 00:00:00.79]            at System.RuntimeMethodHandle.InvokeMethod(Object target, Void** arguments, Signature sig, Boolean isConstructor)&#xD;
[xUnit.net 00:00:00.79]            at System.Reflection.MethodBaseInvoker.InvokeWithNoArgs(Object obj, BindingFlags invokeAttr)&#xD;
[xUnit.net 00:00:00.79]   Finished:    TypingEngine.Windows.Tests&#xD;
</StdOut>
    </Output>
    <RunInfos>
      <RunInfo computerName="AZERTY_GLOBAL" outcome="Error" timestamp="2026-09-22T13:26:36.1855717+02:00">
        <Text>[xUnit.net 00:00:00.79]     TypingEngine.Windows.Tests.ForegroundAbaRaceWitnessTests.Security_property_anti_cheat_A_must_remain_suspended_after_ABA [FAIL]</Text>
      </RunInfo>
    </RunInfos>
  </ResultSummary>
</TestRun>