<?xml version="1.0" encoding="utf-8"?>
<TestRun id="728c2b92-15ee-4e0e-866d-d7f6bef3bb07" name="antoi@AZERTY_GLOBAL 2026-09-22 14:01:53" runUser="AZERTY_GLOBAL\CodexSandboxOffline" xmlns="http://microsoft.com/schemas/VisualStudio/TeamTest/2010">
  <Times creation="2026-09-22T14:01:53.6072003+02:00" queuing="2026-09-22T14:01:53.6072006+02:00" start="2026-09-22T14:01:53.2442881+02:00" finish="2026-09-22T14:01:53.6232282+02:00" />
  <TestSettings name="default" id="55288899-f2ca-40f3-a87d-baf099aa6437">
    <Deployment runDeploymentRoot="antoi_AZERTY_GLOBAL_2026-09-22_14_01_53" />
  </TestSettings>
  <Results>
    <UnitTestResult executionId="312f8273-a902-4115-91c4-c45e416ec9c7" testId="206064c5-35eb-4003-309d-1e907e29f5c8" testName="TypingEngine.Core.Tests.CompositionEngineTests.Cancel_ClearsPendingCompositionWithoutOutput" computerName="AZERTY_GLOBAL" duration="00:00:00.0001172" startTime="2026-09-22T14:01:53.5778407+02:00" endTime="2026-09-22T14:01:53.5778408+02:00" testType="13cdc9d9-ddb5-4fa4-a97d-d965ccfc6d4b" outcome="Passed" testListId="8c84fa94-04c1-424b-9868-57a2d4851a1d" relativeResultsDirectory="312f8273-a902-4115-91c4-c45e416ec9c7" />
    <UnitTestResult executionId="78a67fd9-0fde-40b2-8c28-665188b062b6" testId="7c119c4b-6007-9edd-932f-67ea416f9ca0" testName="TypingEngine.Core.Tests.LayoutJsonParserTests.Parse_MissingScancode_NamesTheKeyThatLacksIt" computerName="AZERTY_GLOBAL" duration="00:00:00.0000551" startTime="2026-09-22T14:01:53.5927622+02:00" endTime="2026-09-22T14:01:53.5927622+02:00" testType="13cdc9d9-ddb5-4fa4-a97d-d965ccfc6d4b" outcome="Passed" testListId="8c84fa94-04c1-424b-9868-57a2d4851a1d" relativeResultsDirectory="78a67fd9-0fde-40b2-8c28-665188b062b6" />
    <UnitTestResult executionId="a419f71e-b522-413e-8728-51cbe2b4c5ca" testId="688ed2c4-b825-bb8a-a192-ebe24b306bfb" testName="TypingEngine.Core.Tests.LayoutJsonParserTests.Parse_MissingKeys_NamesTheRowThatLacksThem" computerName="AZERTY_GLOBAL" duration="00:00:00.0000835" startTime="2026-09-22T14:01:53.5926893+02:00" endTime="2026-09-22T14:01:53.5926893+02:00" testType="13cdc9d9-ddb5-4fa4-a97d-d965ccfc6d4b" outcome="Passed" testListId="8c84fa94-04c1-424b-9868-57a2d4851a1d" relativeResultsDirectory="a419f71e-b522-413e-8728-51cbe2b4c5ca" />
    <UnitTestResult executionId="ad690d89-02c5-4e1f-bffe-1ff4b98429d3" testId="e933a0d8-ff68-9b02-4e80-4742dc0b3d92" testName="TypingEngine.Core.Tests.CompositionEngineOrphanDeadKeyTests.ChainingFromUnknownDeadKey_YieldsEmptyIsolatedForm" computerName="AZERTY_GLOBAL" duration="00:00:00.0000465" startTime="2026-09-22T14:01:53.5778579+02:00" endTime="2026-09-22T14:01:53.5778580+02:00" testType="13cdc9d9-ddb5-4fa4-a97d-d965ccfc6d4b" outcome="Passed" testListId="8c84fa94-04c1-424b-9868-57a2d4851a1d" relativeResultsDirectory="ad690d89-02c5-4e1f-bffe-1ff4b98429d3" />
    <UnitTestResult executionId="3e1b7958-4094-4606-90fa-9acc3ee1df91" testId="a668fba6-7ed9-18dd-fde4-b4f657ff587c" testName="TypingEngine.Core.Tests.CompositionEngineOrphanDeadKeyTests.KnownDeadKey_StillComposes" computerName="AZERTY_GLOBAL" duration="00:00:00.0040291" startTime="2026-09-22T14:01:53.5776808+02:00" endTime="2026-09-22T14:01:53.5776810+02:00" testType="13cdc9d9-ddb5-4fa4-a97d-d965ccfc6d4b" outcome="Passed" testListId="8c84fa94-04c1-424b-9868-57a2d4851a1d" relativeResultsDirectory="3e1b7958-4094-4606-90fa-9acc3ee1df91" />
    <UnitTestResult executionId="48afca51-122d-41d4-a531-01f8be742f37" testId="4be480dc-0084-7d17-631a-f0921c1249f5" testName="TypingEngine.Core.Tests.CompositionEngineOrphanDeadKeyTests.ResolvingUnknownDeadKey_ReturnsCharacterAndClaimsStateChange" computerName="AZERTY_GLOBAL" duration="00:00:00.0001176" startTime="2026-09-22T14:01:53.5778238+02:00" endTime="2026-09-22T14:01:53.5778238+02:00" testType="13cdc9d9-ddb5-4fa4-a97d-d965ccfc6d4b" outcome="Passed" testListId="8c84fa94-04c1-424b-9868-57a2d4851a1d" relativeResultsDirectory="48afca51-122d-41d4-a531-01f8be742f37" />
    <UnitTestResult executionId="1d134f40-ff0d-47ca-9c78-bf769b4d5fbc" testId="f268131e-155d-68fa-c0a9-c8c9236d93fc" testName="TypingEngine.Core.Tests.CompositionEngineTests.DeadKeyThenUnsupportedCharacter_EmitsIsolatedMarkAndCharacter" computerName="AZERTY_GLOBAL" duration="00:00:00.0000477" startTime="2026-09-22T14:01:53.5778108+02:00" endTime="2026-09-22T14:01:53.5778108+02:00" testType="13cdc9d9-ddb5-4fa4-a97d-d965ccfc6d4b" outcome="Passed" testListId="8c84fa94-04c1-424b-9868-57a2d4851a1d" relativeResultsDirectory="1d134f40-ff0d-47ca-9c78-bf769b4d5fbc" />
    <UnitTestResult executionId="aab72361-c204-459e-b636-63586d0d7bca" testId="ea15c6a9-4f42-e107-6ff2-873e8005bedd" testName="TypingEngine.Core.Tests.LayoutJsonParserTests.Parse_DeadKeysThatIsNotAnObject_NamesTheProperty" computerName="AZERTY_GLOBAL" duration="00:00:00.0001009" startTime="2026-09-22T14:01:53.5927298+02:00" endTime="2026-09-22T14:01:53.5927298+02:00" testType="13cdc9d9-ddb5-4fa4-a97d-d965ccfc6d4b" outcome="Passed" testListId="8c84fa94-04c1-424b-9868-57a2d4851a1d" relativeResultsDirectory="aab72361-c204-459e-b636-63586d0d7bca" />
    <UnitTestResult executionId="46958d97-3ee7-4c51-9bd8-777bd33d43bd" testId="11094eff-c5b7-8ce7-11b0-5a15007da09c" testName="TypingEngine.Core.Tests.LayoutJsonParserTests.Parse_MissingPosition_NamesTheKeyThatLacksIt" computerName="AZERTY_GLOBAL" duration="00:00:00.0000855" startTime="2026-09-22T14:01:53.5926768+02:00" endTime="2026-09-22T14:01:53.5926768+02:00" testType="13cdc9d9-ddb5-4fa4-a97d-d965ccfc6d4b" outcome="Passed" testListId="8c84fa94-04c1-424b-9868-57a2d4851a1d" relativeResultsDirectory="46958d97-3ee7-4c51-9bd8-777bd33d43bd" />
    <UnitTestResult executionId="59f66f26-1f5a-4917-a757-5cfce3a5ff11" testId="f97fb9e8-9cde-1697-02a9-fae118b3003a" testName="TypingEngine.Core.Tests.LayoutJsonParserTests.Parse_MissingRows_NamesTheRootProperty" computerName="AZERTY_GLOBAL" duration="00:00:00.0000833" startTime="2026-09-22T14:01:53.5927024+02:00" endTime="2026-09-22T14:01:53.5927025+02:00" testType="13cdc9d9-ddb5-4fa4-a97d-d965ccfc6d4b" outcome="Passed" testListId="8c84fa94-04c1-424b-9868-57a2d4851a1d" relativeResultsDirectory="59f66f26-1f5a-4917-a757-5cfce3a5ff11" />
    <UnitTestResult executionId="133aeece-a7a8-41b7-9fac-211504bd3038" testId="d2fb4330-eba9-0c5b-0c9e-3f31e232a847" testName="TypingEngine.Core.Tests.LayoutJsonParserTests.Parse_AcceptsSupportedScancodeFormats(scancode: &quot;SC012&quot;)" computerName="AZERTY_GLOBAL" duration="00:00:00.0001495" startTime="2026-09-22T14:01:53.5779112+02:00" endTime="2026-09-22T14:01:53.5779112+02:00" testType="13cdc9d9-ddb5-4fa4-a97d-d965ccfc6d4b" outcome="Passed" testListId="8c84fa94-04c1-424b-9868-57a2d4851a1d" relativeResultsDirectory="133aeece-a7a8-41b7-9fac-211504bd3038" />
    <UnitTestResult executionId="65df10f7-594d-4dc5-b21d-d2f88e403c93" testId="01a52257-0e16-e53e-20f1-4dfc388a7ff6" testName="TypingEngine.Core.Tests.LayoutJsonParserTests.Parse_AcceptsSupportedScancodeFormats(scancode: &quot;18&quot;)" computerName="AZERTY_GLOBAL" duration="00:00:00.0000229" startTime="2026-09-22T14:01:53.5925847+02:00" endTime="2026-09-22T14:01:53.5925848+02:00" testType="13cdc9d9-ddb5-4fa4-a97d-d965ccfc6d4b" outcome="Passed" testListId="8c84fa94-04c1-424b-9868-57a2d4851a1d" relativeResultsDirectory="65df10f7-594d-4dc5-b21d-d2f88e403c93" />
    <UnitTestResult executionId="43152e6b-67e4-4824-a3e3-691b93687dec" testId="82d58971-6a4c-d3ed-0b93-0d5c9c88a9b9" testName="TypingEngine.Core.Tests.LayoutJsonParserTests.Parse_CompositionThatIsNotAString_NamesTheTableEntry" computerName="AZERTY_GLOBAL" duration="00:00:00.0000731" startTime="2026-09-22T14:01:53.5927503+02:00" endTime="2026-09-22T14:01:53.5927504+02:00" testType="13cdc9d9-ddb5-4fa4-a97d-d965ccfc6d4b" outcome="Passed" testListId="8c84fa94-04c1-424b-9868-57a2d4851a1d" relativeResultsDirectory="43152e6b-67e4-4824-a3e3-691b93687dec" />
    <UnitTestResult executionId="ca710d52-2ae8-46c2-a42b-9614f49d1ef6" testId="f6ba6b1e-0b24-15b6-52f9-7acdb73f389c" testName="TypingEngine.Core.Tests.CompositionEngineTests.DeadKeyThenCompatibleCharacter_EmitsComposition" computerName="AZERTY_GLOBAL" duration="00:00:00.0028937" startTime="2026-09-22T14:01:53.5761893+02:00" endTime="2026-09-22T14:01:53.5761999+02:00" testType="13cdc9d9-ddb5-4fa4-a97d-d965ccfc6d4b" outcome="Passed" testListId="8c84fa94-04c1-424b-9868-57a2d4851a1d" relativeResultsDirectory="ca710d52-2ae8-46c2-a42b-9614f49d1ef6" />
    <UnitTestResult executionId="a00d08d0-36ee-419b-9a7e-481435097c00" testId="a6140cf1-cbb8-d1f4-b655-db42638611b2" testName="TypingEngine.Core.Tests.LayoutJsonParserTests.Parse_ScancodeBeyondUintRange_NamesTheKeyAndTheValue" computerName="AZERTY_GLOBAL" duration="00:00:00.0006673" startTime="2026-09-22T14:01:53.5926631+02:00" endTime="2026-09-22T14:01:53.5926631+02:00" testType="13cdc9d9-ddb5-4fa4-a97d-d965ccfc6d4b" outcome="Passed" testListId="8c84fa94-04c1-424b-9868-57a2d4851a1d" relativeResultsDirectory="a00d08d0-36ee-419b-9a7e-481435097c00" />
    <UnitTestResult executionId="cd1de65e-1efb-4863-b2d4-dc86da2af179" testId="c0333e87-f4b7-d4a4-bd81-776ccd19a79a" testName="TypingEngine.Core.Tests.CompositionEngineOrphanDeadKeyTests.ActivatingUnknownDeadKey_IsAcceptedWithoutValidation" computerName="AZERTY_GLOBAL" duration="00:00:00.0000379" startTime="2026-09-22T14:01:53.5778468+02:00" endTime="2026-09-22T14:01:53.5778468+02:00" testType="13cdc9d9-ddb5-4fa4-a97d-d965ccfc6d4b" outcome="Passed" testListId="8c84fa94-04c1-424b-9868-57a2d4851a1d" relativeResultsDirectory="cd1de65e-1efb-4863-b2d4-dc86da2af179" />
    <UnitTestResult executionId="54f1ca76-78f2-4b71-8ed7-fd60fcfaaf62" testId="cda95ffd-5367-6067-649e-afd887f202d4" testName="TypingEngine.Core.Tests.LayoutJsonParserTests.Parse_AcceptsSupportedScancodeFormats(scancode: &quot;0x12&quot;)" computerName="AZERTY_GLOBAL" duration="00:00:00.0056734" startTime="2026-09-22T14:01:53.5778792+02:00" endTime="2026-09-22T14:01:53.5778793+02:00" testType="13cdc9d9-ddb5-4fa4-a97d-d965ccfc6d4b" outcome="Passed" testListId="8c84fa94-04c1-424b-9868-57a2d4851a1d" relativeResultsDirectory="54f1ca76-78f2-4b71-8ed7-fd60fcfaaf62" />
    <UnitTestResult executionId="98209e53-2cad-4e35-845e-dfdecb3c5490" testId="e04f158e-cd67-3e8c-aced-d3c03f720bac" testName="TypingEngine.Core.Tests.LayoutJsonParserTests.Parse_RowsThatIsNotAnArray_SaysSoInsteadOfFailingOnEnumeration" computerName="AZERTY_GLOBAL" duration="00:00:00.0007688" startTime="2026-09-22T14:01:53.5927144+02:00" endTime="2026-09-22T14:01:53.5927144+02:00" testType="13cdc9d9-ddb5-4fa4-a97d-d965ccfc6d4b" outcome="Passed" testListId="8c84fa94-04c1-424b-9868-57a2d4851a1d" relativeResultsDirectory="98209e53-2cad-4e35-845e-dfdecb3c5490" />
  </Results>
  <TestDefinitions>
    <UnitTest name="TypingEngine.Core.Tests.CompositionEngineTests.DeadKeyThenCompatibleCharacter_EmitsComposition" storage="d:\my files\keyboard layouts\projects\azerty-global\components\microsoft-store\src\typingengine.core.tests\bin\release\net8.0\typingengine.core.tests.dll" id="f6ba6b1e-0b24-15b6-52f9-7acdb73f389c">
      <Execution id="ca710d52-2ae8-46c2-a42b-9614f49d1ef6" />
      <TestMethod codeBase="D:\My files\Keyboard Layouts\projects\azerty-global\components\microsoft-store\src\TypingEngine.Core.Tests\bin\Release\net8.0\TypingEngine.Core.Tests.dll" adapterTypeName="executor://xunit/VsTestRunner2/netcoreapp" className="TypingEngine.Core.Tests.CompositionEngineTests" name="DeadKeyThenCompatibleCharacter_EmitsComposition" />
    </UnitTest>
    <UnitTest name="TypingEngine.Core.Tests.LayoutJsonParserTests.Parse_AcceptsSupportedScancodeFormats(scancode: &quot;SC012&quot;)" storage="d:\my files\keyboard layouts\projects\azerty-global\components\microsoft-store\src\typingengine.core.tests\bin\release\net8.0\typingengine.core.tests.dll" id="d2fb4330-eba9-0c5b-0c9e-3f31e232a847">
      <Execution id="133aeece-a7a8-41b7-9fac-211504bd3038" />
      <TestMethod codeBase="D:\My files\Keyboard Layouts\projects\azerty-global\components\microsoft-store\src\TypingEngine.Core.Tests\bin\Release\net8.0\TypingEngine.Core.Tests.dll" adapterTypeName="executor://xunit/VsTestRunner2/netcoreapp" className="TypingEngine.Core.Tests.LayoutJsonParserTests" name="Parse_AcceptsSupportedScancodeFormats" />
    </UnitTest>
    <UnitTest name="TypingEngine.Core.Tests.CompositionEngineTests.Cancel_ClearsPendingCompositionWithoutOutput" storage="d:\my files\keyboard layouts\projects\azerty-global\components\microsoft-store\src\typingengine.core.tests\bin\release\net8.0\typingengine.core.tests.dll" id="206064c5-35eb-4003-309d-1e907e29f5c8">
      <Execution id="312f8273-a902-4115-91c4-c45e416ec9c7" />
      <TestMethod codeBase="D:\My files\Keyboard Layouts\projects\azerty-global\components\microsoft-store\src\TypingEngine.Core.Tests\bin\Release\net8.0\TypingEngine.Core.Tests.dll" adapterTypeName="executor://xunit/VsTestRunner2/netcoreapp" className="TypingEngine.Core.Tests.CompositionEngineTests" name="Cancel_ClearsPendingCompositionWithoutOutput" />
    </UnitTest>
    <UnitTest name="TypingEngine.Core.Tests.CompositionEngineOrphanDeadKeyTests.KnownDeadKey_StillComposes" storage="d:\my files\keyboard layouts\projects\azerty-global\components\microsoft-store\src\typingengine.core.tests\bin\release\net8.0\typingengine.core.tests.dll" id="a668fba6-7ed9-18dd-fde4-b4f657ff587c">
      <Execution id="3e1b7958-4094-4606-90fa-9acc3ee1df91" />
      <TestMethod codeBase="D:\My files\Keyboard Layouts\projects\azerty-global\components\microsoft-store\src\TypingEngine.Core.Tests\bin\Release\net8.0\TypingEngine.Core.Tests.dll" adapterTypeName="executor://xunit/VsTestRunner2/netcoreapp" className="TypingEngine.Core.Tests.CompositionEngineOrphanDeadKeyTests" name="KnownDeadKey_StillComposes" />
    </UnitTest>
    <UnitTest name="TypingEngine.Core.Tests.CompositionEngineOrphanDeadKeyTests.ActivatingUnknownDeadKey_IsAcceptedWithoutValidation" storage="d:\my files\keyboard layouts\projects\azerty-global\components\microsoft-store\src\typingengine.core.tests\bin\release\net8.0\typingengine.core.tests.dll" id="c0333e87-f4b7-d4a4-bd81-776ccd19a79a">
      <Execution id="cd1de65e-1efb-4863-b2d4-dc86da2af179" />
      <TestMethod codeBase="D:\My files\Keyboard Layouts\projects\azerty-global\components\microsoft-store\src\TypingEngine.Core.Tests\bin\Release\net8.0\TypingEngine.Core.Tests.dll" adapterTypeName="executor://xunit/VsTestRunner2/netcoreapp" className="TypingEngine.Core.Tests.CompositionEngineOrphanDeadKeyTests" name="ActivatingUnknownDeadKey_IsAcceptedWithoutValidation" />
    </UnitTest>
    <UnitTest name="TypingEngine.Core.Tests.LayoutJsonParserTests.Parse_RowsThatIsNotAnArray_SaysSoInsteadOfFailingOnEnumeration" storage="d:\my files\keyboard layouts\projects\azerty-global\components\microsoft-store\src\typingengine.core.tests\bin\release\net8.0\typingengine.core.tests.dll" id="e04f158e-cd67-3e8c-aced-d3c03f720bac">
      <Execution id="98209e53-2cad-4e35-845e-dfdecb3c5490" />
      <TestMethod codeBase="D:\My files\Keyboard Layouts\projects\azerty-global\components\microsoft-store\src\TypingEngine.Core.Tests\bin\Release\net8.0\TypingEngine.Core.Tests.dll" adapterTypeName="executor://xunit/VsTestRunner2/netcoreapp" className="TypingEngine.Core.Tests.LayoutJsonParserTests" name="Parse_RowsThatIsNotAnArray_SaysSoInsteadOfFailingOnEnumeration" />
    </UnitTest>
    <UnitTest name="TypingEngine.Core.Tests.LayoutJsonParserTests.Parse_AcceptsSupportedScancodeFormats(scancode: &quot;0x12&quot;)" storage="d:\my files\keyboard layouts\projects\azerty-global\components\microsoft-store\src\typingengine.core.tests\bin\release\net8.0\typingengine.core.tests.dll" id="cda95ffd-5367-6067-649e-afd887f202d4">
      <Execution id="54f1ca76-78f2-4b71-8ed7-fd60fcfaaf62" />
      <TestMethod codeBase="D:\My files\Keyboard Layouts\projects\azerty-global\components\microsoft-store\src\TypingEngine.Core.Tests\bin\Release\net8.0\TypingEngine.Core.Tests.dll" adapterTypeName="executor://xunit/VsTestRunner2/netcoreapp" className="TypingEngine.Core.Tests.LayoutJsonParserTests" name="Parse_AcceptsSupportedScancodeFormats" />
    </UnitTest>
    <UnitTest name="TypingEngine.Core.Tests.LayoutJsonParserTests.Parse_DeadKeysThatIsNotAnObject_NamesTheProperty" storage="d:\my files\keyboard layouts\projects\azerty-global\components\microsoft-store\src\typingengine.core.tests\bin\release\net8.0\typingengine.core.tests.dll" id="ea15c6a9-4f42-e107-6ff2-873e8005bedd">
      <Execution id="aab72361-c204-459e-b636-63586d0d7bca" />
      <TestMethod codeBase="D:\My files\Keyboard Layouts\projects\azerty-global\components\microsoft-store\src\TypingEngine.Core.Tests\bin\Release\net8.0\TypingEngine.Core.Tests.dll" adapterTypeName="executor://xunit/VsTestRunner2/netcoreapp" className="TypingEngine.Core.Tests.LayoutJsonParserTests" name="Parse_DeadKeysThatIsNotAnObject_NamesTheProperty" />
    </UnitTest>
    <UnitTest name="TypingEngine.Core.Tests.CompositionEngineOrphanDeadKeyTests.ChainingFromUnknownDeadKey_YieldsEmptyIsolatedForm" storage="d:\my files\keyboard layouts\projects\azerty-global\components\microsoft-store\src\typingengine.core.tests\bin\release\net8.0\typingengine.core.tests.dll" id="e933a0d8-ff68-9b02-4e80-4742dc0b3d92">
      <Execution id="ad690d89-02c5-4e1f-bffe-1ff4b98429d3" />
      <TestMethod codeBase="D:\My files\Keyboard Layouts\projects\azerty-global\components\microsoft-store\src\TypingEngine.Core.Tests\bin\Release\net8.0\TypingEngine.Core.Tests.dll" adapterTypeName="executor://xunit/VsTestRunner2/netcoreapp" className="TypingEngine.Core.Tests.CompositionEngineOrphanDeadKeyTests" name="ChainingFromUnknownDeadKey_YieldsEmptyIsolatedForm" />
    </UnitTest>
    <UnitTest name="TypingEngine.Core.Tests.LayoutJsonParserTests.Parse_CompositionThatIsNotAString_NamesTheTableEntry" storage="d:\my files\keyboard layouts\projects\azerty-global\components\microsoft-store\src\typingengine.core.tests\bin\release\net8.0\typingengine.core.tests.dll" id="82d58971-6a4c-d3ed-0b93-0d5c9c88a9b9">
      <Execution id="43152e6b-67e4-4824-a3e3-691b93687dec" />
      <TestMethod codeBase="D:\My files\Keyboard Layouts\projects\azerty-global\components\microsoft-store\src\TypingEngine.Core.Tests\bin\Release\net8.0\TypingEngine.Core.Tests.dll" adapterTypeName="executor://xunit/VsTestRunner2/netcoreapp" className="TypingEngine.Core.Tests.LayoutJsonParserTests" name="Parse_CompositionThatIsNotAString_NamesTheTableEntry" />
    </UnitTest>
    <UnitTest name="TypingEngine.Core.Tests.LayoutJsonParserTests.Parse_MissingPosition_NamesTheKeyThatLacksIt" storage="d:\my files\keyboard layouts\projects\azerty-global\components\microsoft-store\src\typingengine.core.tests\bin\release\net8.0\typingengine.core.tests.dll" id="11094eff-c5b7-8ce7-11b0-5a15007da09c">
      <Execution id="46958d97-3ee7-4c51-9bd8-777bd33d43bd" />
      <TestMethod codeBase="D:\My files\Keyboard Layouts\projects\azerty-global\components\microsoft-store\src\TypingEngine.Core.Tests\bin\Release\net8.0\TypingEngine.Core.Tests.dll" adapterTypeName="executor://xunit/VsTestRunner2/netcoreapp" className="TypingEngine.Core.Tests.LayoutJsonParserTests" name="Parse_MissingPosition_NamesTheKeyThatLacksIt" />
    </UnitTest>
    <UnitTest name="TypingEngine.Core.Tests.LayoutJsonParserTests.Parse_ScancodeBeyondUintRange_NamesTheKeyAndTheValue" storage="d:\my files\keyboard layouts\projects\azerty-global\components\microsoft-store\src\typingengine.core.tests\bin\release\net8.0\typingengine.core.tests.dll" id="a6140cf1-cbb8-d1f4-b655-db42638611b2">
      <Execution id="a00d08d0-36ee-419b-9a7e-481435097c00" />
      <TestMethod codeBase="D:\My files\Keyboard Layouts\projects\azerty-global\components\microsoft-store\src\TypingEngine.Core.Tests\bin\Release\net8.0\TypingEngine.Core.Tests.dll" adapterTypeName="executor://xunit/VsTestRunner2/netcoreapp" className="TypingEngine.Core.Tests.LayoutJsonParserTests" name="Parse_ScancodeBeyondUintRange_NamesTheKeyAndTheValue" />
    </UnitTest>
    <UnitTest name="TypingEngine.Core.Tests.LayoutJsonParserTests.Parse_MissingRows_NamesTheRootProperty" storage="d:\my files\keyboard layouts\projects\azerty-global\components\microsoft-store\src\typingengine.core.tests\bin\release\net8.0\typingengine.core.tests.dll" id="f97fb9e8-9cde-1697-02a9-fae118b3003a">
      <Execution id="59f66f26-1f5a-4917-a757-5cfce3a5ff11" />
      <TestMethod codeBase="D:\My files\Keyboard Layouts\projects\azerty-global\components\microsoft-store\src\TypingEngine.Core.Tests\bin\Release\net8.0\TypingEngine.Core.Tests.dll" adapterTypeName="executor://xunit/VsTestRunner2/netcoreapp" className="TypingEngine.Core.Tests.LayoutJsonParserTests" name="Parse_MissingRows_NamesTheRootProperty" />
    </UnitTest>
    <UnitTest name="TypingEngine.Core.Tests.LayoutJsonParserTests.Parse_AcceptsSupportedScancodeFormats(scancode: &quot;18&quot;)" storage="d:\my files\keyboard layouts\projects\azerty-global\components\microsoft-store\src\typingengine.core.tests\bin\release\net8.0\typingengine.core.tests.dll" id="01a52257-0e16-e53e-20f1-4dfc388a7ff6">
      <Execution id="65df10f7-594d-4dc5-b21d-d2f88e403c93" />
      <TestMethod codeBase="D:\My files\Keyboard Layouts\projects\azerty-global\components\microsoft-store\src\TypingEngine.Core.Tests\bin\Release\net8.0\TypingEngine.Core.Tests.dll" adapterTypeName="executor://xunit/VsTestRunner2/netcoreapp" className="TypingEngine.Core.Tests.LayoutJsonParserTests" name="Parse_AcceptsSupportedScancodeFormats" />
    </UnitTest>
    <UnitTest name="TypingEngine.Core.Tests.LayoutJsonParserTests.Parse_MissingScancode_NamesTheKeyThatLacksIt" storage="d:\my files\keyboard layouts\projects\azerty-global\components\microsoft-store\src\typingengine.core.tests\bin\release\net8.0\typingengine.core.tests.dll" id="7c119c4b-6007-9edd-932f-67ea416f9ca0">
      <Execution id="78a67fd9-0fde-40b2-8c28-665188b062b6" />
      <TestMethod codeBase="D:\My files\Keyboard Layouts\projects\azerty-global\components\microsoft-store\src\TypingEngine.Core.Tests\bin\Release\net8.0\TypingEngine.Core.Tests.dll" adapterTypeName="executor://xunit/VsTestRunner2/netcoreapp" className="TypingEngine.Core.Tests.LayoutJsonParserTests" name="Parse_MissingScancode_NamesTheKeyThatLacksIt" />
    </UnitTest>
    <UnitTest name="TypingEngine.Core.Tests.CompositionEngineOrphanDeadKeyTests.ResolvingUnknownDeadKey_ReturnsCharacterAndClaimsStateChange" storage="d:\my files\keyboard layouts\projects\azerty-global\components\microsoft-store\src\typingengine.core.tests\bin\release\net8.0\typingengine.core.tests.dll" id="4be480dc-0084-7d17-631a-f0921c1249f5">
      <Execution id="48afca51-122d-41d4-a531-01f8be742f37" />
      <TestMethod codeBase="D:\My files\Keyboard Layouts\projects\azerty-global\components\microsoft-store\src\TypingEngine.Core.Tests\bin\Release\net8.0\TypingEngine.Core.Tests.dll" adapterTypeName="executor://xunit/VsTestRunner2/netcoreapp" className="TypingEngine.Core.Tests.CompositionEngineOrphanDeadKeyTests" name="ResolvingUnknownDeadKey_ReturnsCharacterAndClaimsStateChange" />
    </UnitTest>
    <UnitTest name="TypingEngine.Core.Tests.LayoutJsonParserTests.Parse_MissingKeys_NamesTheRowThatLacksThem" storage="d:\my files\keyboard layouts\projects\azerty-global\components\microsoft-store\src\typingengine.core.tests\bin\release\net8.0\typingengine.core.tests.dll" id="688ed2c4-b825-bb8a-a192-ebe24b306bfb">
      <Execution id="a419f71e-b522-413e-8728-51cbe2b4c5ca" />
      <TestMethod codeBase="D:\My files\Keyboard Layouts\projects\azerty-global\components\microsoft-store\src\TypingEngine.Core.Tests\bin\Release\net8.0\TypingEngine.Core.Tests.dll" adapterTypeName="executor://xunit/VsTestRunner2/netcoreapp" className="TypingEngine.Core.Tests.LayoutJsonParserTests" name="Parse_MissingKeys_NamesTheRowThatLacksThem" />
    </UnitTest>
    <UnitTest name="TypingEngine.Core.Tests.CompositionEngineTests.DeadKeyThenUnsupportedCharacter_EmitsIsolatedMarkAndCharacter" storage="d:\my files\keyboard layouts\projects\azerty-global\components\microsoft-store\src\typingengine.core.tests\bin\release\net8.0\typingengine.core.tests.dll" id="f268131e-155d-68fa-c0a9-c8c9236d93fc">
      <Execution id="1d134f40-ff0d-47ca-9c78-bf769b4d5fbc" />
      <TestMethod codeBase="D:\My files\Keyboard Layouts\projects\azerty-global\components\microsoft-store\src\TypingEngine.Core.Tests\bin\Release\net8.0\TypingEngine.Core.Tests.dll" adapterTypeName="executor://xunit/VsTestRunner2/netcoreapp" className="TypingEngine.Core.Tests.CompositionEngineTests" name="DeadKeyThenUnsupportedCharacter_EmitsIsolatedMarkAndCharacter" />
    </UnitTest>
  </TestDefinitions>
  <TestEntries>
    <TestEntry testId="206064c5-35eb-4003-309d-1e907e29f5c8" executionId="312f8273-a902-4115-91c4-c45e416ec9c7" testListId="8c84fa94-04c1-424b-9868-57a2d4851a1d" />
    <TestEntry testId="7c119c4b-6007-9edd-932f-67ea416f9ca0" executionId="78a67fd9-0fde-40b2-8c28-665188b062b6" testListId="8c84fa94-04c1-424b-9868-57a2d4851a1d" />
    <TestEntry testId="688ed2c4-b825-bb8a-a192-ebe24b306bfb" executionId="a419f71e-b522-413e-8728-51cbe2b4c5ca" testListId="8c84fa94-04c1-424b-9868-57a2d4851a1d" />
    <TestEntry testId="e933a0d8-ff68-9b02-4e80-4742dc0b3d92" executionId="ad690d89-02c5-4e1f-bffe-1ff4b98429d3" testListId="8c84fa94-04c1-424b-9868-57a2d4851a1d" />
    <TestEntry testId="a668fba6-7ed9-18dd-fde4-b4f657ff587c" executionId="3e1b7958-4094-4606-90fa-9acc3ee1df91" testListId="8c84fa94-04c1-424b-9868-57a2d4851a1d" />
    <TestEntry testId="4be480dc-0084-7d17-631a-f0921c1249f5" executionId="48afca51-122d-41d4-a531-01f8be742f37" testListId="8c84fa94-04c1-424b-9868-57a2d4851a1d" />
    <TestEntry testId="f268131e-155d-68fa-c0a9-c8c9236d93fc" executionId="1d134f40-ff0d-47ca-9c78-bf769b4d5fbc" testListId="8c84fa94-04c1-424b-9868-57a2d4851a1d" />
    <TestEntry testId="ea15c6a9-4f42-e107-6ff2-873e8005bedd" executionId="aab72361-c204-459e-b636-63586d0d7bca" testListId="8c84fa94-04c1-424b-9868-57a2d4851a1d" />
    <TestEntry testId="11094eff-c5b7-8ce7-11b0-5a15007da09c" executionId="46958d97-3ee7-4c51-9bd8-777bd33d43bd" testListId="8c84fa94-04c1-424b-9868-57a2d4851a1d" />
    <TestEntry testId="f97fb9e8-9cde-1697-02a9-fae118b3003a" executionId="59f66f26-1f5a-4917-a757-5cfce3a5ff11" testListId="8c84fa94-04c1-424b-9868-57a2d4851a1d" />
    <TestEntry testId="d2fb4330-eba9-0c5b-0c9e-3f31e232a847" executionId="133aeece-a7a8-41b7-9fac-211504bd3038" testListId="8c84fa94-04c1-424b-9868-57a2d4851a1d" />
    <TestEntry testId="01a52257-0e16-e53e-20f1-4dfc388a7ff6" executionId="65df10f7-594d-4dc5-b21d-d2f88e403c93" testListId="8c84fa94-04c1-424b-9868-57a2d4851a1d" />
    <TestEntry testId="82d58971-6a4c-d3ed-0b93-0d5c9c88a9b9" executionId="43152e6b-67e4-4824-a3e3-691b93687dec" testListId="8c84fa94-04c1-424b-9868-57a2d4851a1d" />
    <TestEntry testId="f6ba6b1e-0b24-15b6-52f9-7acdb73f389c" executionId="ca710d52-2ae8-46c2-a42b-9614f49d1ef6" testListId="8c84fa94-04c1-424b-9868-57a2d4851a1d" />
    <TestEntry testId="a6140cf1-cbb8-d1f4-b655-db42638611b2" executionId="a00d08d0-36ee-419b-9a7e-481435097c00" testListId="8c84fa94-04c1-424b-9868-57a2d4851a1d" />
    <TestEntry testId="c0333e87-f4b7-d4a4-bd81-776ccd19a79a" executionId="cd1de65e-1efb-4863-b2d4-dc86da2af179" testListId="8c84fa94-04c1-424b-9868-57a2d4851a1d" />
    <TestEntry testId="cda95ffd-5367-6067-649e-afd887f202d4" executionId="54f1ca76-78f2-4b71-8ed7-fd60fcfaaf62" testListId="8c84fa94-04c1-424b-9868-57a2d4851a1d" />
    <TestEntry testId="e04f158e-cd67-3e8c-aced-d3c03f720bac" executionId="98209e53-2cad-4e35-845e-dfdecb3c5490" testListId="8c84fa94-04c1-424b-9868-57a2d4851a1d" />
  </TestEntries>
  <TestLists>
    <TestList name="Results Not in a List" id="8c84fa94-04c1-424b-9868-57a2d4851a1d" />
    <TestList name="All Loaded Results" id="19431567-8539-422a-85d7-44ee4e166bda" />
  </TestLists>
  <ResultSummary outcome="Completed">
    <Counters total="18" executed="18" passed="18" failed="0" error="0" timeout="0" aborted="0" inconclusive="0" passedButRunAborted="0" notRunnable="0" notExecuted="0" disconnected="0" warning="0" completed="0" inProgress="0" pending="0" />
    <Output>
      <StdOut>[xUnit.net 00:00:00.00] xUnit.net VSTest Adapter v2.5.0.1+5ebf84cd75 (64-bit .NET 8.0.31)&#xD;
[xUnit.net 00:00:00.04]   Discovering: TypingEngine.Core.Tests&#xD;
[xUnit.net 00:00:00.06]   Discovered:  TypingEngine.Core.Tests&#xD;
[xUnit.net 00:00:00.06]   Starting:    TypingEngine.Core.Tests&#xD;
[xUnit.net 00:00:00.10]   Finished:    TypingEngine.Core.Tests&#xD;
</StdOut>
    </Output>
  </ResultSummary>
</TestRun>