Analyzing...
THREADS: 20
D:\My files\Keyboard Layouts\projects\azerty-global\components\microsoft-store\src\bin\Release\net8.0-windows10.0.17763.0\win-arm64\publish\AZERTY Global.exe: notapplicable BA2016: 'AZERTY%20Global.exe' was not evaluated for check 'MarkImageAsNXCompatible' as the analysis is not relevant based on observed metadata: image is a 64-bit binary.
D:\My files\Keyboard Layouts\projects\azerty-global\components\microsoft-store\src\bin\Release\net8.0-windows10.0.17763.0\win-arm64\publish\AZERTY Global.exe: notapplicable BA2018: 'AZERTY%20Global.exe' was not evaluated for check 'EnableSafeSEH' as the analysis is not relevant based on observed metadata: image is not a 32-bit binary.
D:\My files\Keyboard Layouts\projects\azerty-global\components\microsoft-store\src\bin\Release\net8.0-windows10.0.17763.0\win-arm64\publish\AZERTY Global.exe: notapplicable BA2025: 'AZERTY%20Global.exe' was not evaluated for check 'EnableShadowStack' as the analysis is not relevant based on observed metadata: image is an ARM64 binary.
D:\My files\Keyboard Layouts\projects\azerty-global\components\microsoft-store\src\bin\Release\net8.0-windows10.0.17763.0\win-arm64\publish\AZERTY Global.exe: notapplicable BA3001: 'AZERTY%20Global.exe' was not evaluated for check 'EnablePositionIndependentExecutable' as the analysis is not relevant based on observed metadata: image is not an ELF binary.
D:\My files\Keyboard Layouts\projects\azerty-global\components\microsoft-store\src\bin\Release\net8.0-windows10.0.17763.0\win-arm64\publish\AZERTY Global.exe: notapplicable BA3002: 'AZERTY%20Global.exe' was not evaluated for check 'DoNotMarkStackAsExecutable' as the analysis is not relevant based on observed metadata: image is not an ELF binary.
D:\My files\Keyboard Layouts\projects\azerty-global\components\microsoft-store\src\bin\Release\net8.0-windows10.0.17763.0\win-arm64\publish\AZERTY Global.exe: notapplicable BA3003: 'AZERTY%20Global.exe' was not evaluated for check 'EnableStackProtector' as the analysis is not relevant based on observed metadata: image is not an ELF binary.
D:\My files\Keyboard Layouts\projects\azerty-global\components\microsoft-store\src\bin\Release\net8.0-windows10.0.17763.0\win-arm64\publish\AZERTY Global.exe: notapplicable BA3004: 'AZERTY%20Global.exe' was not evaluated for check 'GenerateRequiredSymbolFormat' as the analysis is not relevant based on observed metadata: image is not an ELF binary.
D:\My files\Keyboard Layouts\projects\azerty-global\components\microsoft-store\src\bin\Release\net8.0-windows10.0.17763.0\win-arm64\publish\AZERTY Global.exe: notapplicable BA3005: 'AZERTY%20Global.exe' was not evaluated for check 'EnableStackClashProtection' as the analysis is not relevant based on observed metadata: image is not an ELF binary.
D:\My files\Keyboard Layouts\projects\azerty-global\components\microsoft-store\src\bin\Release\net8.0-windows10.0.17763.0\win-arm64\publish\AZERTY Global.exe: notapplicable BA3006: 'AZERTY%20Global.exe' was not evaluated for check 'EnableNonExecutableStack' as the analysis is not relevant based on observed metadata: image is not an ELF binary.
D:\My files\Keyboard Layouts\projects\azerty-global\components\microsoft-store\src\bin\Release\net8.0-windows10.0.17763.0\win-arm64\publish\AZERTY Global.exe: notapplicable BA3010: 'AZERTY%20Global.exe' was not evaluated for check 'EnableReadOnlyRelocations' as the analysis is not relevant based on observed metadata: image is not an ELF binary.
D:\My files\Keyboard Layouts\projects\azerty-global\components\microsoft-store\src\bin\Release\net8.0-windows10.0.17763.0\win-arm64\publish\AZERTY Global.exe: notapplicable BA3011: 'AZERTY%20Global.exe' was not evaluated for check 'EnableBindNow' as the analysis is not relevant based on observed metadata: image is not an ELF binary.
D:\My files\Keyboard Layouts\projects\azerty-global\components\microsoft-store\src\bin\Release\net8.0-windows10.0.17763.0\win-arm64\publish\AZERTY Global.exe: notapplicable BA3030: 'AZERTY%20Global.exe' was not evaluated for check 'UseGccCheckedFunctions' as the analysis is not relevant based on observed metadata: image is not an ELF binary.
D:\My files\Keyboard Layouts\projects\azerty-global\components\microsoft-store\src\bin\Release\net8.0-windows10.0.17763.0\win-arm64\publish\AZERTY Global.exe: notapplicable BA3031: 'AZERTY%20Global.exe' was not evaluated for check 'EnableClangSafeStack' as the analysis is not relevant based on observed metadata: image is not an ELF binary.
D:\My files\Keyboard Layouts\projects\azerty-global\components\microsoft-store\src\bin\Release\net8.0-windows10.0.17763.0\win-arm64\publish\AZERTY Global.exe: notapplicable BA4002: 
D:\My files\Keyboard Layouts\projects\azerty-global\components\microsoft-store\src\bin\Release\net8.0-windows10.0.17763.0\win-arm64\publish\AZERTY Global.exe: notapplicable BA5001: 'AZERTY%20Global.exe' was not evaluated for check 'EnablePositionIndependentExecutableMachO' as the analysis is not relevant based on observed metadata: image is not a MachO binary.
D:\My files\Keyboard Layouts\projects\azerty-global\components\microsoft-store\src\bin\Release\net8.0-windows10.0.17763.0\win-arm64\publish\AZERTY Global.exe: notapplicable BA5002: 'AZERTY%20Global.exe' was not evaluated for check 'DoNotAllowExecutableStack' as the analysis is not relevant based on observed metadata: image is not a MachO binary.
D:\My files\Keyboard Layouts\projects\azerty-global\components\microsoft-store\src\bin\Release\net8.0-windows10.0.17763.0\win-arm64\publish\AZERTY Global.exe: pass BA2001: 'AZERTY%20Global.exe' is a 64-bit image with a base address that is >= 4 gigabytes, increasing the effectiveness of Address Space Layout Randomization (which helps prevent attackers from executing security-sensitive code in well-known locations).
D:\My files\Keyboard Layouts\projects\azerty-global\components\microsoft-store\src\bin\Release\net8.0-windows10.0.17763.0\win-arm64\publish\AZERTY Global.exe: pass BA2002: 'AZERTY%20Global.exe' does not incorporate any known vulnerable dependencies, as configured by current policy.
D:\My files\Keyboard Layouts\projects\azerty-global\components\microsoft-store\src\bin\Release\net8.0-windows10.0.17763.0\win-arm64\publish\AZERTY Global.exe: pass BA2004: 'AZERTY%20Global.exe' is a native binary which was compiled with a secure (SHA-256) source code hashing algorithm.
D:\My files\Keyboard Layouts\projects\azerty-global\components\microsoft-store\src\bin\Release\net8.0-windows10.0.17763.0\win-arm64\publish\AZERTY Global.exe: pass BA2005: 'AZERTY%20Global.exe' is not known to be an obsolete binary that is vulnerable to one or more security problems.
D:\My files\Keyboard Layouts\projects\azerty-global\components\microsoft-store\src\bin\Release\net8.0-windows10.0.17763.0\win-arm64\publish\AZERTY Global.exe: pass BA2006: All linked modules of 'AZERTY%20Global.exe' satisfy configured policy (observed compilers: Microsoft (R) Optimizing Compiler:C:19.44.35207.1, Microsoft (R) Optimizing Compiler:C:19.44.35228.0, Microsoft (R) Optimizing Compiler:Cxx:19.44.35207.1, Microsoft (R) Optimizing Compiler:Cxx:19.44.35228.0).
D:\My files\Keyboard Layouts\projects\azerty-global\components\microsoft-store\src\bin\Release\net8.0-windows10.0.17763.0\win-arm64\publish\AZERTY Global.exe: pass BA2007: 'AZERTY%20Global.exe' was compiled at a secure warning level (4) and does not include any modules that disable specific warnings that are required by policy. As a result, it is less likely that memory corruption, information disclosure, double-free and other security-related vulnerabilities exist in code.
D:\My files\Keyboard Layouts\projects\azerty-global\components\microsoft-store\src\bin\Release\net8.0-windows10.0.17763.0\win-arm64\publish\AZERTY Global.exe: pass BA2008: 'AZERTY%20Global.exe' enables the control flow guard mitigation. As a result, the operating system will force an application to close if an attacker is able to redirect execution in the component to an unexpected location.
D:\My files\Keyboard Layouts\projects\azerty-global\components\microsoft-store\src\bin\Release\net8.0-windows10.0.17763.0\win-arm64\publish\AZERTY Global.exe: pass BA2009: 'AZERTY%20Global.exe' is properly compiled to enable Address Space Layout Randomization, reducing an attacker's ability to exploit code in well-known locations.
D:\My files\Keyboard Layouts\projects\azerty-global\components\microsoft-store\src\bin\Release\net8.0-windows10.0.17763.0\win-arm64\publish\AZERTY Global.exe: pass BA2010: 'AZERTY%20Global.exe' does not have an imports section that is marked as executable, helping to prevent the exploitation of code vulnerabilities.
D:\My files\Keyboard Layouts\projects\azerty-global\components\microsoft-store\src\bin\Release\net8.0-windows10.0.17763.0\win-arm64\publish\AZERTY Global.exe: pass BA2011: 'AZERTY%20Global.exe' is a C or C++ binary built with the stack protector buffer security feature enabled for all modules, making it more difficult for an attacker to exploit stack buffer overflow memory corruption vulnerabilities. 
D:\My files\Keyboard Layouts\projects\azerty-global\components\microsoft-store\src\bin\Release\net8.0-windows10.0.17763.0\win-arm64\publish\AZERTY Global.exe: pass BA2012: 'AZERTY%20Global.exe' is a C or C++ binary built with the buffer security feature that properly preserves the stack protecter cookie. This has the effect of enabling a significant increase in entropy provided by the operating system over that produced by the C runtime start-up code.
D:\My files\Keyboard Layouts\projects\azerty-global\components\microsoft-store\src\bin\Release\net8.0-windows10.0.17763.0\win-arm64\publish\AZERTY Global.exe: pass BA2013: 'AZERTY%20Global.exe' is a C or C++ binary built with the buffer security feature that properly initializes the stack protecter. This has the effect of increasing the effectiveness of the feature and reducing spurious detections.
D:\My files\Keyboard Layouts\projects\azerty-global\components\microsoft-store\src\bin\Release\net8.0-windows10.0.17763.0\win-arm64\publish\AZERTY Global.exe: pass BA2014: 'AZERTY%20Global.exe' is a C or C++ binary built with the stack protector buffer security feature enabled which does not disable protection for any individual functions (via __declspec(safebuffers), making it more difficult for an attacker to exploit stack buffer overflow memory corruption vulnerabilities.
D:\My files\Keyboard Layouts\projects\azerty-global\components\microsoft-store\src\bin\Release\net8.0-windows10.0.17763.0\win-arm64\publish\AZERTY Global.exe: pass BA2015: 'AZERTY%20Global.exe' is high entropy ASLR compatible, reducing an attacker's ability to exploit code in well-known locations.
D:\My files\Keyboard Layouts\projects\azerty-global\components\microsoft-store\src\bin\Release\net8.0-windows10.0.17763.0\win-arm64\publish\AZERTY Global.exe: pass BA2019: 'AZERTY%20Global.exe' contains no data or code sections marked as both shared and writable, helping to prevent the exploitation of code vulnerabilities.
D:\My files\Keyboard Layouts\projects\azerty-global\components\microsoft-store\src\bin\Release\net8.0-windows10.0.17763.0\win-arm64\publish\AZERTY Global.exe: pass BA2021: 'AZERTY%20Global.exe' contains no data or code sections marked as both shared and executable, helping to prevent the exploitation of code vulnerabilities.
D:\My files\Keyboard Layouts\projects\azerty-global\components\microsoft-store\src\bin\Release\net8.0-windows10.0.17763.0\win-arm64\publish\AZERTY Global.exe: notapplicable BA2022: 'AZERTY%20Global.exe' was not evaluated for check 'SignSecurely' as the analysis is not relevant based on observed metadata: image is not signed .
D:\My files\Keyboard Layouts\projects\azerty-global\components\microsoft-store\src\bin\Release\net8.0-windows10.0.17763.0\win-arm64\publish\AZERTY Global.exe: warning BA2024: 'AZERTY%20Global.exe' was compiled with one or more modules that do not enable code generation mitigations for speculative execution side-channel attack (Spectre) vulnerabilities.
Spectre attacks can compromise hardware-based isolation, allowing non-privileged users to retrieve potentially sensitive data from the CPU cache.
To resolve this issue, ensure that all modules compiled into the binary are compiled with /Qspectre switch on cl.exe command-line.
You may need to install the 'C++ spectre-mitigated libs' component from the Visual Studio installer if you observe violations against C runtime libraries such as libcmt.lib, libvcruntime.lib, etc.
For VC projects use SpectreMitigation property with 'Spectre' value.
When using older MSVC versions pass /d2guardspecload in cases where your compiler supports this switch and it is not possible to update to a toolset that supports /Qspectre.
This warning should be addressed for code that operates on data that crosses a trust boundary and that can affect execution, such as parsing untrusted file inputs or processing query strings of a web request.
For mitigation to be effective, all dlls and libs that are part of an exe, should be compiled with /QSpectre, so decision should be made for the whole process.
Can cause some perf degradations, so should not be used when not needed.
D:\My files\Keyboard Layouts\projects\azerty-global\components\microsoft-store\src\bin\Release\net8.0-windows10.0.17763.0\win-arm64\publish\AZERTY Global.exe: warning BA2026: 'AZERTY%20Global.exe' is a Windows PE that wasn't compiled with recommended Security Development Lifecycle (SDL) checks. As a result some critical compile-time and runtime checks may be disabled, increasing the possibility of an exploitable runtime issue.
To resolve this problem, pass '/sdl' on the cl.exe command-line.
For VC projects use ItemDefinitionGroup - ClCompile - SDLCheck property with 'true' value.
D:\My files\Keyboard Layouts\projects\azerty-global\components\microsoft-store\src\bin\Release\net8.0-windows10.0.17763.0\win-arm64\publish\AZERTY Global.exe: warning BA2027: The PDB for 'AZERTY%20Global.exe' does not contain SourceLink information, compromising frictionless source-driven debugging and increasing latency of security response.
Enable SourceLink by configuring necessary project properties and adding a package reference for your source control provider.
See https://aka.ms/sourcelink for more information.
D:\My files\Keyboard Layouts\projects\azerty-global\components\microsoft-store\src\bin\Release\net8.0-windows10.0.17763.0\win-arm64\publish\AZERTY Global.exe: pass BA6001: 'AZERTY%20Global.exe' was compiled with incremental linking disabled.
D:\My files\Keyboard Layouts\projects\azerty-global\components\microsoft-store\src\bin\Release\net8.0-windows10.0.17763.0\win-arm64\publish\AZERTY Global.exe: pass BA6002: 'AZERTY%20Global.exe' was compiled with Eliminate Duplicate Strings (/GF) enabled.
D:\My files\Keyboard Layouts\projects\azerty-global\components\microsoft-store\src\bin\Release\net8.0-windows10.0.17763.0\win-arm64\publish\AZERTY Global.exe: pass BA6004: 'AZERTY%20Global.exe' was compiled with COMDAT folding (/OPT:ICF) enabled
D:\My files\Keyboard Layouts\projects\azerty-global\components\microsoft-store\src\bin\Release\net8.0-windows10.0.17763.0\win-arm64\publish\AZERTY Global.exe: pass BA6005: 'AZERTY%20Global.exe' was compiled with Optimize References (/OPT:REF) enabled
D:\My files\Keyboard Layouts\projects\azerty-global\components\microsoft-store\src\bin\Release\net8.0-windows10.0.17763.0\win-arm64\publish\AZERTY Global.exe: warning BA6006: 'AZERTY%20Global.exe' was compiled without Link Time Code Generation (/LTCG). Enabling LTCG can improve optimizations and performance.
For VC projects use WholeProgramOptimization property with 'true' value.

Done. 1 files scanned.
Analysis completed successfully.

One or more rules was disabled for an analysis target, as it was determined not to be applicable to it (this is a common condition). Include 'NotApplicable' on an explicit '--kind' command-line argument (e.g., '--kind "Fail;NotApplicable"') for more information.

